app/admin/orders/page.tsx(131,13): error TS2322: Type '{ totalAmount: number; deliveryFee: number; discount: number; finalAmount: number; items: { unitPrice: number; totalPrice: number; product: { name: string; }; id: string; notes: string | null; orderId: string; productId: string; quantity: number; }[]; ... 17 more ...; updatedAt: Date; }[]' is not assignable to type 'Order[]'.
  Type '{ totalAmount: number; deliveryFee: number; discount: number; finalAmount: number; items: { unitPrice: number; totalPrice: number; product: { name: string; }; id: string; notes: string | null; orderId: string; productId: string; quantity: number; }[]; ... 17 more ...; updatedAt: Date; }' is missing the following properties from type 'Order': deliveryMethod, paymentMethod
components/features/admin/AdminPlansClient.tsx(37,58): error TS2305: Module '"@/actions/admin"' has no exported member 'toggleSubscriptionPlanStatus'.
components/features/admin/AdminPlansClient.tsx(145,71): error TS2345: Argument of type '{ name: string; description: string; price: number; interval: string; features: string[]; maxProducts: number | null; maxOrders: number | null; isActive: boolean; }' is not assignable to parameter of type '{ name: string; price: number; interval: "MONTHLY" | "QUARTERLY" | "SEMIANNUAL" | "ANNUAL"; features: string[]; isActive: boolean; description?: string | undefined; maxProducts?: number | null | undefined; maxOrders?: number | ... 1 more ... | undefined; }'.
  Types of property 'interval' are incompatible.
    Type 'string' is not assignable to type '"MONTHLY" | "QUARTERLY" | "SEMIANNUAL" | "ANNUAL"'.
components/features/admin/AdminPlansClient.tsx(147,55): error TS2345: Argument of type '{ name: string; description: string; price: number; interval: string; features: string[]; maxProducts: number | null; maxOrders: number | null; isActive: boolean; }' is not assignable to parameter of type '{ name: string; price: number; interval: "MONTHLY" | "QUARTERLY" | "SEMIANNUAL" | "ANNUAL"; features: string[]; isActive: boolean; description?: string | undefined; maxProducts?: number | null | undefined; maxOrders?: number | ... 1 more ... | undefined; }'.
  Types of property 'interval' are incompatible.
    Type 'string' is not assignable to type '"MONTHLY" | "QUARTERLY" | "SEMIANNUAL" | "ANNUAL"'.
components/features/admin/CategoriesClient.tsx(82,9): error TS2322: Type 'Resolver<{ name: string; description?: string | undefined; image?: string | undefined; icon?: string | undefined; isActive?: boolean | undefined; }, any, { name: string; isActive: boolean; description?: string | undefined; image?: string | undefined; icon?: string | undefined; }>' is not assignable to type 'Resolver<{ name: string; isActive: boolean; description?: string | undefined; image?: string | undefined; icon?: string | undefined; }, any, { name: string; isActive: boolean; description?: string | undefined; image?: string | undefined; icon?: string | undefined; }>'.
  Types of parameters 'options' and 'options' are incompatible.
    Type 'ResolverOptions<{ name: string; isActive: boolean; description?: string | undefined; image?: string | undefined; icon?: string | undefined; }>' is not assignable to type 'ResolverOptions<{ name: string; description?: string | undefined; image?: string | undefined; icon?: string | undefined; isActive?: boolean | undefined; }>'.
      Type 'boolean | undefined' is not assignable to type 'boolean'.
        Type 'undefined' is not assignable to type 'boolean'.
components/features/admin/CategoriesClient.tsx(216,59): error TS2345: Argument of type '(data: CategoryFormValues) => Promise<void>' is not assignable to parameter of type 'SubmitHandler<TFieldValues>'.
  Types of parameters 'data' and 'data' are incompatible.
    Type 'TFieldValues' is not assignable to type '{ name: string; isActive: boolean; description?: string | undefined; image?: string | undefined; icon?: string | undefined; }'.
      Type 'FieldValues' is missing the following properties from type '{ name: string; isActive: boolean; description?: string | undefined; image?: string | undefined; icon?: string | undefined; }': name, isActive
components/features/admin/CategoriesClient.tsx(352,55): error TS2345: Argument of type '(data: CategoryFormValues) => Promise<void>' is not assignable to parameter of type 'SubmitHandler<TFieldValues>'.
  Types of parameters 'data' and 'data' are incompatible.
    Type 'TFieldValues' is not assignable to type '{ name: string; isActive: boolean; description?: string | undefined; image?: string | undefined; icon?: string | undefined; }'.
      Type 'FieldValues' is missing the following properties from type '{ name: string; isActive: boolean; description?: string | undefined; image?: string | undefined; icon?: string | undefined; }': name, isActive
components/features/admin/PaymentMethodsClient.tsx(66,9): error TS2322: Type 'Resolver<{ name: string; isActive?: boolean | undefined; }, any, { name: string; isActive: boolean; }>' is not assignable to type 'Resolver<{ name: string; isActive: boolean; }, any, { name: string; isActive: boolean; }>'.
  Types of parameters 'options' and 'options' are incompatible.
    Type 'ResolverOptions<{ name: string; isActive: boolean; }>' is not assignable to type 'ResolverOptions<{ name: string; isActive?: boolean | undefined; }>'.
      Type 'boolean | undefined' is not assignable to type 'boolean'.
        Type 'undefined' is not assignable to type 'boolean'.
components/features/admin/PaymentMethodsClient.tsx(166,59): error TS2345: Argument of type '(data: PaymentMethodFormValues) => Promise<void>' is not assignable to parameter of type 'SubmitHandler<TFieldValues>'.
  Types of parameters 'data' and 'data' are incompatible.
    Type 'TFieldValues' is not assignable to type '{ name: string; isActive: boolean; }'.
      Type 'FieldValues' is missing the following properties from type '{ name: string; isActive: boolean; }': name, isActive
components/features/admin/PaymentMethodsClient.tsx(256,55): error TS2345: Argument of type '(data: PaymentMethodFormValues) => Promise<void>' is not assignable to parameter of type 'SubmitHandler<TFieldValues>'.
  Types of parameters 'data' and 'data' are incompatible.
    Type 'TFieldValues' is not assignable to type '{ name: string; isActive: boolean; }'.
      Type 'FieldValues' is missing the following properties from type '{ name: string; isActive: boolean; }': name, isActive
components/features/admin/PlansClient.tsx(69,9): error TS2322: Type 'Resolver<{ name: string; price: unknown; interval: "MONTHLY" | "QUARTERLY" | "SEMIANNUAL" | "ANNUAL"; features: { value: string; }[]; description?: string | undefined; maxProducts?: unknown; maxOrders?: unknown; isActive?: boolean | undefined; }, any, { ...; }>' is not assignable to type 'Resolver<{ name: string; price: number; interval: "MONTHLY" | "QUARTERLY" | "SEMIANNUAL" | "ANNUAL"; features: { value: string; }[]; isActive: boolean; description?: string | undefined; maxProducts?: number | ... 1 more ... | undefined; maxOrders?: number | ... 1 more ... | undefined; }, any, { ...; }>'.
  Types of parameters 'options' and 'options' are incompatible.
    Type 'ResolverOptions<{ name: string; price: number; interval: "MONTHLY" | "QUARTERLY" | "SEMIANNUAL" | "ANNUAL"; features: { value: string; }[]; isActive: boolean; description?: string | undefined; maxProducts?: number | ... 1 more ... | undefined; maxOrders?: number | ... 1 more ... | undefined; }>' is not assignable to type 'ResolverOptions<{ name: string; price: unknown; interval: "MONTHLY" | "QUARTERLY" | "SEMIANNUAL" | "ANNUAL"; features: { value: string; }[]; description?: string | undefined; maxProducts?: unknown; maxOrders?: unknown; isActive?: boolean | undefined; }>'.
      Types of property 'names' are incompatible.
        Type 'string[] | undefined' is not assignable to type '("name" | "description" | "isActive" | "price" | "interval" | "features" | "maxProducts" | "maxOrders")[] | undefined'.
          Type 'string[]' is not assignable to type '("name" | "description" | "isActive" | "price" | "interval" | "features" | "maxProducts" | "maxOrders")[]'.
            Type 'string' is not assignable to type '"name" | "description" | "isActive" | "price" | "interval" | "features" | "maxProducts" | "maxOrders"'.
components/features/admin/PlansClient.tsx(200,59): error TS2345: Argument of type '(data: PlanFormValues) => Promise<void>' is not assignable to parameter of type 'SubmitHandler<TFieldValues>'.
  Types of parameters 'data' and 'data' are incompatible.
    Type 'TFieldValues' is not assignable to type '{ name: string; price: number; interval: "MONTHLY" | "QUARTERLY" | "SEMIANNUAL" | "ANNUAL"; features: { value: string; }[]; isActive: boolean; description?: string | undefined; maxProducts?: number | ... 1 more ... | undefined; maxOrders?: number | ... 1 more ... | undefined; }'.
      Type 'FieldValues' is missing the following properties from type '{ name: string; price: number; interval: "MONTHLY" | "QUARTERLY" | "SEMIANNUAL" | "ANNUAL"; features: { value: string; }[]; isActive: boolean; description?: string | undefined; maxProducts?: number | ... 1 more ... | undefined; maxOrders?: number | ... 1 more ... | undefined; }': name, price, interval, features, isActive
components/features/admin/PlansClient.tsx(340,55): error TS2345: Argument of type '(data: PlanFormValues) => Promise<void>' is not assignable to parameter of type 'SubmitHandler<TFieldValues>'.
  Types of parameters 'data' and 'data' are incompatible.
    Type 'TFieldValues' is not assignable to type '{ name: string; price: number; interval: "MONTHLY" | "QUARTERLY" | "SEMIANNUAL" | "ANNUAL"; features: { value: string; }[]; isActive: boolean; description?: string | undefined; maxProducts?: number | ... 1 more ... | undefined; maxOrders?: number | ... 1 more ... | undefined; }'.
      Type 'FieldValues' is missing the following properties from type '{ name: string; price: number; interval: "MONTHLY" | "QUARTERLY" | "SEMIANNUAL" | "ANNUAL"; features: { value: string; }[]; isActive: boolean; description?: string | undefined; maxProducts?: number | ... 1 more ... | undefined; maxOrders?: number | ... 1 more ... | undefined; }': name, price, interval, features, isActive
components/features/plans/PlanCheckoutButton.tsx(43,30): error TS2339: Property 'redirectToCheckout' does not exist on type 'Stripe'.
